version https://git-lfs.github.com/spec/v1
oid sha256:20923f274bf4604da07e13c5b694d9f8cba72fbf3c10345f583896f5fc4a0bf9
size 295448
