version https://git-lfs.github.com/spec/v1
oid sha256:6de6f3ac3ee0e8d02bfd9f3e5573bb912ea39998b0b43c8b68211468086af960
size 1835737
