version https://git-lfs.github.com/spec/v1
oid sha256:10ae6888cde890d036d51fbf52bcd7fecca6fb8f2c3b542b6ba46d12ec85dcd2
size 216501
