version https://git-lfs.github.com/spec/v1
oid sha256:a6d035cee6c85a9bdde23bda135b87cba7f121ed0dc2c7d8a87c73e98192c145
size 82858
